[INFO] Scanning for projects...
[INFO] 
[INFO] --------------------------< com.example:demo >--------------------------
[INFO] Building  0.0.1-SNAPSHOT
[INFO]   from pom.xml
[INFO] --------------------------------[ jar ]---------------------------------
[INFO] 
[INFO] >>> spring-boot:4.1.1:run (default-cli) > test-compile @ demo >>>
[INFO] 
[INFO] --- resources:3.5.0:resources (default-resources) @ demo ---
[INFO] Copying 1 resource from src\main\resources to target\classes
[INFO] Copying 0 resource from src\main\resources to target\classes
[INFO] 
[INFO] --- compiler:3.15.0:compile (default-compile) @ demo ---
[INFO] Nothing to compile - all classes are up to date.
[INFO] 
[INFO] --- resources:3.5.0:testResources (default-testResources) @ demo ---
[INFO] skip non existing resourceDirectory C:\Users\nitin\Downloads\SentinelPay-Enterprise-Sub-100ms-Risk-Engine-for-Real-Time-BIN-Attack-Card-Testing-Defense\src\test\resources
[INFO] 
[INFO] --- compiler:3.15.0:testCompile (default-testCompile) @ demo ---
[INFO] Nothing to compile - all classes are up to date.
[INFO] 
[INFO] <<< spring-boot:4.1.1:run (default-cli) < test-compile @ demo <<<
[INFO] 
[INFO] 
[INFO] --- spring-boot:4.1.1:run (default-cli) @ demo ---
[INFO] Attaching agents: []

  .   ____          _            __ _ _
 /\\ / ___'_ __ _ _(_)_ __  __ _ \ \ \ \
( ( )\___ | '_ | '_| | '_ \/ _` | \ \ \ \
 \\/  ___)| |_)| | | | | || (_| |  ) ) ) )
  '  |____| .__|_| |_|_| |_\__, | / / / /
 =========|_|==============|___/=/_/_/_/

 :: Spring Boot ::                (v4.1.1)

2026-09-30T17:37:23.409+05:30  INFO 4268 --- [sentinelpay] [           main] com.example.demo.DemoApplication         : Starting DemoApplication using Java 24.0.2 with PID 4268 (C:\Users\nitin\Downloads\SentinelPay-Enterprise-Sub-100ms-Risk-Engine-for-Real-Time-BIN-Attack-Card-Testing-Defense\target\classes started by nitin in C:\Users\nitin\Downloads\SentinelPay-Enterprise-Sub-100ms-Risk-Engine-for-Real-Time-BIN-Attack-Card-Testing-Defense)
2026-09-30T17:37:23.414+05:30  INFO 4268 --- [sentinelpay] [           main] com.example.demo.DemoApplication         : No active profile set, falling back to 1 default profile: "default"
2026-09-30T17:37:24.389+05:30  INFO 4268 --- [sentinelpay] [           main] .s.d.r.c.RepositoryConfigurationDelegate : Bootstrapping Spring Data JPA repositories in DEFAULT mode.
2026-09-30T17:37:24.458+05:30  INFO 4268 --- [sentinelpay] [           main] .s.d.r.c.RepositoryConfigurationDelegate : Finished Spring Data repository scanning in 60 ms. Found 6 JPA repository interfaces.
2026-09-30T17:37:24.959+05:30  INFO 4268 --- [sentinelpay] [           main] o.s.boot.tomcat.TomcatWebServer          : Tomcat initialized with port 8080 (http)
2026-09-30T17:37:24.980+05:30  INFO 4268 --- [sentinelpay] [           main] o.apache.catalina.core.StandardService   : Starting service [Tomcat]
2026-09-30T17:37:24.980+05:30  INFO 4268 --- [sentinelpay] [           main] o.apache.catalina.core.StandardEngine    : Starting Servlet engine: [Apache Tomcat/11.0.24]
2026-09-30T17:37:25.072+05:30  INFO 4268 --- [sentinelpay] [           main] b.w.c.s.WebApplicationContextInitializer : Root WebApplicationContext: initialization completed in 1594 ms
2026-09-30T17:37:25.279+05:30  INFO 4268 --- [sentinelpay] [           main] org.hibernate.orm.jpa                    : HHH008540: Processing PersistenceUnitInfo [name: default]
2026-09-30T17:37:25.338+05:30  INFO 4268 --- [sentinelpay] [           main] org.hibernate.orm.core                   : HHH000001: Hibernate ORM core version 7.4.5.Final
2026-09-30T17:37:25.800+05:30  INFO 4268 --- [sentinelpay] [           main] o.s.o.j.p.SpringPersistenceUnitInfo      : No LoadTimeWeaver setup: ignoring JPA class transformer
2026-09-30T17:37:25.834+05:30  INFO 4268 --- [sentinelpay] [           main] com.zaxxer.hikari.HikariDataSource       : HikariPool-1 - Starting...
2026-09-30T17:37:26.030+05:30  INFO 4268 --- [sentinelpay] [           main] com.zaxxer.hikari.pool.HikariPool        : HikariPool-1 - Added connection org.postgresql.jdbc.PgConnection@11c3ce6a
2026-09-30T17:37:26.032+05:30  INFO 4268 --- [sentinelpay] [           main] com.zaxxer.hikari.HikariDataSource       : HikariPool-1 - Start completed.
2026-09-30T17:37:26.067+05:30  WARN 4268 --- [sentinelpay] [           main] org.hibernate.orm.deprecation            : HHH90000025: PostgreSQLDialect does not need to be specified explicitly using 'hibernate.dialect' (remove the property setting and it will be selected by default)
2026-09-30T17:37:26.096+05:30  INFO 4268 --- [sentinelpay] [           main] org.hibernate.orm.connections.pooling    : HHH10001005: Database info:
	Database JDBC URL [jdbc:postgresql://localhost:5432/sentinelpay]
	Database driver: PostgreSQL JDBC Driver
	Database dialect: PostgreSQLDialect
	Database version: 18.4
	Default catalog/schema: sentinelpay/public
	Autocommit mode: undefined/unknown
	Isolation level: READ_COMMITTED [default READ_COMMITTED]
	JDBC fetch size: none
	Pool: DataSourceConnectionProvider
	Minimum pool size: undefined/unknown
	Maximum pool size: undefined/unknown
2026-09-30T17:37:27.250+05:30  INFO 4268 --- [sentinelpay] [           main] org.hibernate.orm.core                   : HHH000489: No JTA platform available (set 'hibernate.transaction.jta.platform' to enable JTA platform integration)
Hibernate: 
    set client_min_messages = WARNING
Hibernate: 
    alter table if exists account_device 
       drop constraint if exists FKnqrh65iwnpve1rp3hg9mrgdhh
Hibernate: 
    alter table if exists account_device 
       drop constraint if exists FKlyje0juxtf4r65tboi9rsj851
Hibernate: 
    alter table if exists decisions 
       drop constraint if exists FKhqk520wnbb7g1mxwg58u3tc3x
Hibernate: 
    alter table if exists payment_methods 
       drop constraint if exists FK89kem6l7ilqj58sov5kfw700d
Hibernate: 
    alter table if exists sessions 
       drop constraint if exists FKp7keouonild1bpuhtp8i2wvgy
Hibernate: 
    alter table if exists transactions 
       drop constraint if exists FKfu96ik5is22h6tnvraxadfqnc
Hibernate: 
    alter table if exists transactions 
       drop constraint if exists FK2jpsuhpiv652pbaft4wfl14y1
Hibernate: 
    drop table if exists account_device cascade
Hibernate: 
    drop table if exists accounts cascade
Hibernate: 
    drop table if exists decisions cascade
Hibernate: 
    drop table if exists device_profiles cascade
Hibernate: 
    drop table if exists payment_methods cascade
Hibernate: 
    drop table if exists sessions cascade
Hibernate: 
    drop table if exists transactions cascade
Hibernate: 
    create table account_device (
        profile_id bigint not null,
        user_id bigint not null
    )
Hibernate: 
    create table accounts (
        historical_avg_spend DECIMAL(10,2) DEFAULT 0.00,
        historical_tx_count INTEGER DEFAULT 0,
        is_suspended BOOLEAN DEFAULT false,
        account_created_at timestamp(6) not null,
        user_id bigint generated by default as identity,
        home_zip varchar(255) not null,
        kyc_status varchar(255) not null,
        primary key (user_id)
    )
Hibernate: 
    create table decisions (
        ground_truth_label integer check ((ground_truth_label<=1) and (ground_truth_label>=0)),
        latency_ms integer not null,
        risk_score integer not null check ((risk_score<=100) and (risk_score>=1)),
        created_at timestamp(6) not null,
        assessment_id uuid not null,
        transaction_id uuid not null unique,
        action_taken varchar(255) not null,
        rule_flags jsonb,
        shap_reason_codes jsonb,
        primary key (assessment_id)
    )
Hibernate: 
    create table device_profiles (
        behavioral_risk_score DECIMAL(5,2) DEFAULT 0.00,
        created_at timestamp(6) not null,
        profile_id bigint generated by default as identity,
        updated_at timestamp(6) not null,
        app_version varchar(255),
        device_fingerprint varchar(255) unique,
        ip_address varchar(255),
        os_version varchar(255),
        profile_status varchar(255) not null,
        primary key (profile_id)
    )
Hibernate: 
    create table payment_methods (
        created_at timestamp(6) not null,
        user_id bigint not null,
        bin_number varchar(255) not null,
        card_country varchar(255) not null,
        card_status varchar(255) not null,
        card_token varchar(255) not null,
        card_type varchar(255) not null,
        issuer_bank varchar(255) not null,
        primary key (card_token)
    )
Hibernate: 
    create table sessions (
        asn_datacenter_flag BOOLEAN DEFAULT false,
        is_vpn_proxy BOOLEAN DEFAULT false,
        created_at timestamp(6) not null,
        session_id bigint generated by default as identity,
        user_id bigint,
        device_fingerprint varchar(255),
        geo_country varchar(255) not null,
        ip_address varchar(255),
        user_agent varchar(255) not null,
        primary key (session_id)
    )
Hibernate: 
    create table transactions (
        amount numeric(19,4) not null,
        currency varchar(3),
        mcc_code varchar(4) not null,
        session_id bigint,
        timestamp timestamp(6) not null,
        transaction_id uuid not null,
        card_token varchar(255),
        merchant_id varchar(255) not null,
        primary key (transaction_id)
    )
Hibernate: 
    create index idx_home_zip 
       on accounts (home_zip)
Hibernate: 
    create index idx_kyc_status 
       on accounts (kyc_status)
Hibernate: 
    create index idx_device_fingerprint 
       on device_profiles (device_fingerprint)
Hibernate: 
    create index idx_profile_status 
       on device_profiles (profile_status)
Hibernate: 
    create index idx_device_fingerprint 
       on sessions (device_fingerprint)
2026-09-30T17:37:27.338+05:30  WARN 4268 --- [sentinelpay] [           main] o.h.t.s.i.ExceptionHandlerLoggedImpl     : GenerationTarget encountered exception accepting command : Error executing DDL "
    create index idx_device_fingerprint 
       on sessions (device_fingerprint)" via JDBC [ERROR: relation "idx_device_fingerprint" already exists]

org.hibernate.tool.schema.spi.CommandAcceptanceException: Error executing DDL "
    create index idx_device_fingerprint 
       on sessions (device_fingerprint)" via JDBC [ERROR: relation "idx_device_fingerprint" already exists]
	at org.hibernate.tool.schema.internal.exec.GenerationTargetToDatabase.accept(GenerationTargetToDatabase.java:91) ~[hibernate-core-7.4.5.Final.jar:7.4.5.Final]
	at org.hibernate.tool.schema.internal.Helper.applySqlString(Helper.java:218) ~[hibernate-core-7.4.5.Final.jar:7.4.5.Final]
	at org.hibernate.tool.schema.internal.Helper.applySqlStrings(Helper.java:204) ~[hibernate-core-7.4.5.Final.jar:7.4.5.Final]
	at org.hibernate.tool.schema.internal.SchemaCreatorImpl.createTableConstraints(SchemaCreatorImpl.java:366) ~[hibernate-core-7.4.5.Final.jar:7.4.5.Final]
	at org.hibernate.tool.schema.internal.SchemaCreatorImpl.createSequencesTablesConstraints(SchemaCreatorImpl.java:332) ~[hibernate-core-7.4.5.Final.jar:7.4.5.Final]
	at org.hibernate.tool.schema.internal.SchemaCreatorImpl.createFromMetadata(SchemaCreatorImpl.java:215) ~[hibernate-core-7.4.5.Final.jar:7.4.5.Final]
	at org.hibernate.tool.schema.internal.SchemaCreatorImpl.performCreation(SchemaCreatorImpl.java:151) ~[hibernate-core-7.4.5.Final.jar:7.4.5.Final]
	at org.hibernate.tool.schema.internal.SchemaCreatorImpl.doCreation(SchemaCreatorImpl.java:121) ~[hibernate-core-7.4.5.Final.jar:7.4.5.Final]
	at org.hibernate.tool.schema.internal.SchemaCreatorImpl.doCreation(SchemaCreatorImpl.java:97) ~[hibernate-core-7.4.5.Final.jar:7.4.5.Final]
	at org.hibernate.tool.schema.spi.SchemaManagementToolCoordinator.performDatabaseAction(SchemaManagementToolCoordinator.java:239) ~[hibernate-core-7.4.5.Final.jar:7.4.5.Final]
	at org.hibernate.tool.schema.spi.SchemaManagementToolCoordinator.lambda$process$1(SchemaManagementToolCoordinator.java:101) ~[hibernate-core-7.4.5.Final.jar:7.4.5.Final]
	at java.base/java.util.HashMap.forEach(HashMap.java:1430) ~[na:na]
	at org.hibernate.tool.schema.spi.SchemaManagementToolCoordinator.process(SchemaManagementToolCoordinator.java:100) ~[hibernate-core-7.4.5.Final.jar:7.4.5.Final]
	at org.hibernate.boot.internal.SessionFactoryObserverForSchemaExport.sessionFactoryCreated(SessionFactoryObserverForSchemaExport.java:35) ~[hibernate-core-7.4.5.Final.jar:7.4.5.Final]
	at org.hibernate.internal.SessionFactoryObserverChain.sessionFactoryCreated(SessionFactoryObserverChain.java:33) ~[hibernate-core-7.4.5.Final.jar:7.4.5.Final]
	at org.hibernate.internal.SessionFactoryImpl.<init>(SessionFactoryImpl.java:327) ~[hibernate-core-7.4.5.Final.jar:7.4.5.Final]
	at org.hibernate.internal.SessionFactoryRegistry.instantiateSessionFactory(SessionFactoryRegistry.java:64) ~[hibernate-core-7.4.5.Final.jar:7.4.5.Final]
	at org.hibernate.boot.internal.SessionFactoryBuilderImpl.build(SessionFactoryBuilderImpl.java:458) ~[hibernate-core-7.4.5.Final.jar:7.4.5.Final]
	at org.hibernate.jpa.boot.internal.EntityManagerFactoryBuilderImpl.build(EntityManagerFactoryBuilderImpl.java:1452) ~[hibernate-core-7.4.5.Final.jar:7.4.5.Final]
	at org.springframework.orm.jpa.vendor.SpringHibernateJpaPersistenceProvider.createContainerEntityManagerFactory(SpringHibernateJpaPersistenceProvider.java:93) ~[spring-orm-7.0.9.jar:7.0.9]
	at org.springframework.orm.jpa.LocalContainerEntityManagerFactoryBean.createNativeEntityManagerFactory(LocalContainerEntityManagerFactoryBean.java:443) ~[spring-orm-7.0.9.jar:7.0.9]
	at org.springframework.orm.jpa.AbstractEntityManagerFactoryBean.buildNativeEntityManagerFactory(AbstractEntityManagerFactoryBean.java:436) ~[spring-orm-7.0.9.jar:7.0.9]
	at org.springframework.orm.jpa.AbstractEntityManagerFactoryBean.afterPropertiesSet(AbstractEntityManagerFactoryBean.java:411) ~[spring-orm-7.0.9.jar:7.0.9]
	at org.springframework.orm.jpa.LocalContainerEntityManagerFactoryBean.afterPropertiesSet(LocalContainerEntityManagerFactoryBean.java:419) ~[spring-orm-7.0.9.jar:7.0.9]
	at org.springframework.beans.factory.support.AbstractAutowireCapableBeanFactory.invokeInitMethods(AbstractAutowireCapableBeanFactory.java:1862) ~[spring-beans-7.0.9.jar:7.0.9]
	at org.springframework.beans.factory.support.AbstractAutowireCapableBeanFactory.initializeBean(AbstractAutowireCapableBeanFactory.java:1811) ~[spring-beans-7.0.9.jar:7.0.9]
	at org.springframework.beans.factory.support.AbstractAutowireCapableBeanFactory.doCreateBean(AbstractAutowireCapableBeanFactory.java:603) ~[spring-beans-7.0.9.jar:7.0.9]
	at org.springframework.beans.factory.support.AbstractAutowireCapableBeanFactory.createBean(AbstractAutowireCapableBeanFactory.java:525) ~[spring-beans-7.0.9.jar:7.0.9]
	at org.springframework.beans.factory.support.AbstractBeanFactory.lambda$doGetBean$0(AbstractBeanFactory.java:333) ~[spring-beans-7.0.9.jar:7.0.9]
	at org.springframework.beans.factory.support.DefaultSingletonBeanRegistry.getSingleton(DefaultSingletonBeanRegistry.java:371) ~[spring-beans-7.0.9.jar:7.0.9]
	at org.springframework.beans.factory.support.AbstractBeanFactory.doGetBean(AbstractBeanFactory.java:331) ~[spring-beans-7.0.9.jar:7.0.9]
	at org.springframework.beans.factory.support.AbstractBeanFactory.getBean(AbstractBeanFactory.java:201) ~[spring-beans-7.0.9.jar:7.0.9]
	at org.springframework.context.support.AbstractApplicationContext.finishBeanFactoryInitialization(AbstractApplicationContext.java:977) ~[spring-context-7.0.9.jar:7.0.9]
	at org.springframework.context.support.AbstractApplicationContext.refresh(AbstractApplicationContext.java:621) ~[spring-context-7.0.9.jar:7.0.9]
	at org.springframework.boot.web.server.servlet.context.ServletWebServerApplicationContext.refresh(ServletWebServerApplicationContext.java:143) ~[spring-boot-web-server-4.1.1.jar:4.1.1]
	at org.springframework.boot.SpringApplication.refresh(SpringApplication.java:756) ~[spring-boot-4.1.1.jar:4.1.1]
	at org.springframework.boot.SpringApplication.refreshContext(SpringApplication.java:445) ~[spring-boot-4.1.1.jar:4.1.1]
	at org.springframework.boot.SpringApplication.run(SpringApplication.java:321) ~[spring-boot-4.1.1.jar:4.1.1]
	at org.springframework.boot.SpringApplication.run(SpringApplication.java:1365) ~[spring-boot-4.1.1.jar:4.1.1]
	at org.springframework.boot.SpringApplication.run(SpringApplication.java:1354) ~[spring-boot-4.1.1.jar:4.1.1]
	at com.example.demo.DemoApplication.main(DemoApplication.java:10) ~[classes/:na]
Caused by: org.postgresql.util.PSQLException: ERROR: relation "idx_device_fingerprint" already exists
	at org.postgresql.core.v3.QueryExecutorImpl.receiveErrorResponse(QueryExecutorImpl.java:2993) ~[postgresql-42.7.13.jar:42.7.13]
	at org.postgresql.core.v3.QueryExecutorImpl.processResults(QueryExecutorImpl.java:2656) ~[postgresql-42.7.13.jar:42.7.13]
	at org.postgresql.core.v3.QueryExecutorImpl.execute(QueryExecutorImpl.java:446) ~[postgresql-42.7.13.jar:42.7.13]
	at org.postgresql.jdbc.PgStatement.executeInternal(PgStatement.java:533) ~[postgresql-42.7.13.jar:42.7.13]
	at org.postgresql.jdbc.PgStatement.execute(PgStatement.java:449) ~[postgresql-42.7.13.jar:42.7.13]
	at org.postgresql.jdbc.PgStatement.executeWithFlags(PgStatement.java:371) ~[postgresql-42.7.13.jar:42.7.13]
	at org.postgresql.jdbc.PgStatement.executeCachedSql(PgStatement.java:356) ~[postgresql-42.7.13.jar:42.7.13]
	at org.postgresql.jdbc.PgStatement.executeWithFlags(PgStatement.java:332) ~[postgresql-42.7.13.jar:42.7.13]
	at org.postgresql.jdbc.PgStatement.execute(PgStatement.java:327) ~[postgresql-42.7.13.jar:42.7.13]
	at com.zaxxer.hikari.pool.ProxyStatement.execute(ProxyStatement.java:95) ~[HikariCP-7.0.2.jar:na]
	at com.zaxxer.hikari.pool.HikariProxyStatement.execute(HikariProxyStatement.java) ~[HikariCP-7.0.2.jar:na]
	at org.hibernate.tool.schema.internal.exec.GenerationTargetToDatabase.accept(GenerationTargetToDatabase.java:86) ~[hibernate-core-7.4.5.Final.jar:7.4.5.Final]
	... 40 common frames omitted

Hibernate: 
    create index idx_ip_address 
       on sessions (ip_address)
Hibernate: 
    create index idx_transactions_timestamp 
       on transactions (timestamp)
Hibernate: 
    create index idx_transactions_card_token 
       on transactions (card_token)
Hibernate: 
    create index idx_transactions_session_id 
       on transactions (session_id)
Hibernate: 
    alter table if exists account_device 
       add constraint FKnqrh65iwnpve1rp3hg9mrgdhh 
       foreign key (profile_id) 
       references device_profiles
Hibernate: 
    alter table if exists account_device 
       add constraint FKlyje0juxtf4r65tboi9rsj851 
       foreign key (user_id) 
       references accounts
Hibernate: 
    alter table if exists decisions 
       add constraint FKhqk520wnbb7g1mxwg58u3tc3x 
       foreign key (transaction_id) 
       references transactions
Hibernate: 
    alter table if exists payment_methods 
       add constraint FK89kem6l7ilqj58sov5kfw700d 
       foreign key (user_id) 
       references accounts
Hibernate: 
    alter table if exists sessions 
       add constraint FKp7keouonild1bpuhtp8i2wvgy 
       foreign key (user_id) 
       references accounts
Hibernate: 
    alter table if exists transactions 
       add constraint FKfu96ik5is22h6tnvraxadfqnc 
       foreign key (card_token) 
       references payment_methods
Hibernate: 
    alter table if exists transactions 
       add constraint FK2jpsuhpiv652pbaft4wfl14y1 
       foreign key (session_id) 
       references sessions
2026-09-30T17:37:27.374+05:30  INFO 4268 --- [sentinelpay] [           main] j.LocalContainerEntityManagerFactoryBean : Initialized JPA EntityManagerFactory for persistence unit 'default'
2026-09-30T17:37:27.449+05:30  INFO 4268 --- [sentinelpay] [           main] o.s.d.j.r.query.QueryEnhancerFactories   : Hibernate is in classpath; If applicable, HQL parser will be used.
2026-09-30T17:37:27.690+05:30  WARN 4268 --- [sentinelpay] [           main] ConfigServletWebServerApplicationContext : Exception encountered during context initialization - cancelling refresh attempt: org.springframework.beans.factory.UnsatisfiedDependencyException: Error creating bean with name 'paymentMethodController' defined in file [C:\Users\nitin\Downloads\SentinelPay-Enterprise-Sub-100ms-Risk-Engine-for-Real-Time-BIN-Attack-Card-Testing-Defense\target\classes\com\example\demo\controller\PaymentMethodController.class]: Unsatisfied dependency expressed through constructor parameter 0: Error creating bean with name 'paymentMethodRepository' defined in com.example.demo.repository.PaymentMethodRepository defined in @EnableJpaRepositories declared on DataJpaRepositoriesRegistrar.EnableJpaRepositoriesConfiguration: No property 'userId' found for type 'PaymentMethods'
2026-09-30T17:37:27.691+05:30  INFO 4268 --- [sentinelpay] [           main] j.LocalContainerEntityManagerFactoryBean : Closing JPA EntityManagerFactory for persistence unit 'default'
Hibernate: 
    set client_min_messages = WARNING
Hibernate: 
    alter table if exists account_device 
       drop constraint if exists FKnqrh65iwnpve1rp3hg9mrgdhh
Hibernate: 
    alter table if exists account_device 
       drop constraint if exists FKlyje0juxtf4r65tboi9rsj851
Hibernate: 
    alter table if exists decisions 
       drop constraint if exists FKhqk520wnbb7g1mxwg58u3tc3x
Hibernate: 
    alter table if exists payment_methods 
       drop constraint if exists FK89kem6l7ilqj58sov5kfw700d
Hibernate: 
    alter table if exists sessions 
       drop constraint if exists FKp7keouonild1bpuhtp8i2wvgy
Hibernate: 
    alter table if exists transactions 
       drop constraint if exists FKfu96ik5is22h6tnvraxadfqnc
Hibernate: 
    alter table if exists transactions 
       drop constraint if exists FK2jpsuhpiv652pbaft4wfl14y1
Hibernate: 
    drop table if exists account_device cascade
Hibernate: 
    drop table if exists accounts cascade
Hibernate: 
    drop table if exists decisions cascade
Hibernate: 
    drop table if exists device_profiles cascade
Hibernate: 
    drop table if exists payment_methods cascade
Hibernate: 
    drop table if exists sessions cascade
Hibernate: 
    drop table if exists transactions cascade
2026-09-30T17:37:27.730+05:30  INFO 4268 --- [sentinelpay] [           main] com.zaxxer.hikari.HikariDataSource       : HikariPool-1 - Shutdown initiated...
2026-09-30T17:37:27.734+05:30  INFO 4268 --- [sentinelpay] [           main] com.zaxxer.hikari.HikariDataSource       : HikariPool-1 - Shutdown completed.
2026-09-30T17:37:27.738+05:30  INFO 4268 --- [sentinelpay] [           main] o.apache.catalina.core.StandardService   : Stopping service [Tomcat]
2026-09-30T17:37:27.750+05:30  INFO 4268 --- [sentinelpay] [           main] .s.b.a.l.ConditionEvaluationReportLogger : 

Error starting ApplicationContext. To display the condition evaluation report re-run your application with 'debug' enabled.
2026-09-30T17:37:27.765+05:30 ERROR 4268 --- [sentinelpay] [           main] o.s.boot.SpringApplication               : Application run failed

org.springframework.beans.factory.UnsatisfiedDependencyException: Error creating bean with name 'paymentMethodController' defined in file [C:\Users\nitin\Downloads\SentinelPay-Enterprise-Sub-100ms-Risk-Engine-for-Real-Time-BIN-Attack-Card-Testing-Defense\target\classes\com\example\demo\controller\PaymentMethodController.class]: Unsatisfied dependency expressed through constructor parameter 0: Error creating bean with name 'paymentMethodRepository' defined in com.example.demo.repository.PaymentMethodRepository defined in @EnableJpaRepositories declared on DataJpaRepositoriesRegistrar.EnableJpaRepositoriesConfiguration: No property 'userId' found for type 'PaymentMethods'
	at org.springframework.beans.factory.support.ConstructorResolver.createArgumentArray(ConstructorResolver.java:804) ~[spring-beans-7.0.9.jar:7.0.9]
	at org.springframework.beans.factory.support.ConstructorResolver.autowireConstructor(ConstructorResolver.java:240) ~[spring-beans-7.0.9.jar:7.0.9]
	at org.springframework.beans.factory.support.AbstractAutowireCapableBeanFactory.autowireConstructor(AbstractAutowireCapableBeanFactory.java:1380) ~[spring-beans-7.0.9.jar:7.0.9]
	at org.springframework.beans.factory.support.AbstractAutowireCapableBeanFactory.createBeanInstance(AbstractAutowireCapableBeanFactory.java:1219) ~[spring-beans-7.0.9.jar:7.0.9]
	at org.springframework.beans.factory.support.AbstractAutowireCapableBeanFactory.doCreateBean(AbstractAutowireCapableBeanFactory.java:565) ~[spring-beans-7.0.9.jar:7.0.9]
	at org.springframework.beans.factory.support.AbstractAutowireCapableBeanFactory.createBean(AbstractAutowireCapableBeanFactory.java:525) ~[spring-beans-7.0.9.jar:7.0.9]
	at org.springframework.beans.factory.support.AbstractBeanFactory.lambda$doGetBean$0(AbstractBeanFactory.java:333) ~[spring-beans-7.0.9.jar:7.0.9]
	at org.springframework.beans.factory.support.DefaultSingletonBeanRegistry.getSingleton(DefaultSingletonBeanRegistry.java:371) ~[spring-beans-7.0.9.jar:7.0.9]
	at org.springframework.beans.factory.support.AbstractBeanFactory.doGetBean(AbstractBeanFactory.java:331) ~[spring-beans-7.0.9.jar:7.0.9]
	at org.springframework.beans.factory.support.AbstractBeanFactory.getBean(AbstractBeanFactory.java:196) ~[spring-beans-7.0.9.jar:7.0.9]
	at org.springframework.beans.factory.support.DefaultListableBeanFactory.instantiateSingleton(DefaultListableBeanFactory.java:1225) ~[spring-beans-7.0.9.jar:7.0.9]
	at org.springframework.beans.factory.support.DefaultListableBeanFactory.preInstantiateSingleton(DefaultListableBeanFactory.java:1191) ~[spring-beans-7.0.9.jar:7.0.9]
	at org.springframework.beans.factory.support.DefaultListableBeanFactory.preInstantiateSingletons(DefaultListableBeanFactory.java:1121) ~[spring-beans-7.0.9.jar:7.0.9]
	at org.springframework.context.support.AbstractApplicationContext.finishBeanFactoryInitialization(AbstractApplicationContext.java:994) ~[spring-context-7.0.9.jar:7.0.9]
	at org.springframework.context.support.AbstractApplicationContext.refresh(AbstractApplicationContext.java:621) ~[spring-context-7.0.9.jar:7.0.9]
	at org.springframework.boot.web.server.servlet.context.ServletWebServerApplicationContext.refresh(ServletWebServerApplicationContext.java:143) ~[spring-boot-web-server-4.1.1.jar:4.1.1]
	at org.springframework.boot.SpringApplication.refresh(SpringApplication.java:756) ~[spring-boot-4.1.1.jar:4.1.1]
	at org.springframework.boot.SpringApplication.refreshContext(SpringApplication.java:445) ~[spring-boot-4.1.1.jar:4.1.1]
	at org.springframework.boot.SpringApplication.run(SpringApplication.java:321) ~[spring-boot-4.1.1.jar:4.1.1]
	at org.springframework.boot.SpringApplication.run(SpringApplication.java:1365) ~[spring-boot-4.1.1.jar:4.1.1]
	at org.springframework.boot.SpringApplication.run(SpringApplication.java:1354) ~[spring-boot-4.1.1.jar:4.1.1]
	at com.example.demo.DemoApplication.main(DemoApplication.java:10) ~[classes/:na]
Caused by: org.springframework.beans.factory.BeanCreationException: Error creating bean with name 'paymentMethodRepository' defined in com.example.demo.repository.PaymentMethodRepository defined in @EnableJpaRepositories declared on DataJpaRepositoriesRegistrar.EnableJpaRepositoriesConfiguration: No property 'userId' found for type 'PaymentMethods'
	at org.springframework.beans.factory.support.AbstractAutowireCapableBeanFactory.initializeBean(AbstractAutowireCapableBeanFactory.java:1815) ~[spring-beans-7.0.9.jar:7.0.9]
	at org.springframework.beans.factory.support.AbstractAutowireCapableBeanFactory.doCreateBean(AbstractAutowireCapableBeanFactory.java:603) ~[spring-beans-7.0.9.jar:7.0.9]
	at org.springframework.beans.factory.support.AbstractAutowireCapableBeanFactory.createBean(AbstractAutowireCapableBeanFactory.java:525) ~[spring-beans-7.0.9.jar:7.0.9]
	at org.springframework.beans.factory.support.AbstractBeanFactory.lambda$doGetBean$0(AbstractBeanFactory.java:333) ~[spring-beans-7.0.9.jar:7.0.9]
	at org.springframework.beans.factory.support.DefaultSingletonBeanRegistry.getSingleton(DefaultSingletonBeanRegistry.java:371) ~[spring-beans-7.0.9.jar:7.0.9]
	at org.springframework.beans.factory.support.AbstractBeanFactory.doGetBean(AbstractBeanFactory.java:331) ~[spring-beans-7.0.9.jar:7.0.9]
	at org.springframework.beans.factory.support.AbstractBeanFactory.getBean(AbstractBeanFactory.java:201) ~[spring-beans-7.0.9.jar:7.0.9]
	at org.springframework.beans.factory.support.DefaultListableBeanFactory.resolveBean(DefaultListableBeanFactory.java:1232) ~[spring-beans-7.0.9.jar:7.0.9]
	at org.springframework.beans.factory.support.DefaultListableBeanFactory.doResolveDependency(DefaultListableBeanFactory.java:1711) ~[spring-beans-7.0.9.jar:7.0.9]
	at org.springframework.beans.factory.support.DefaultListableBeanFactory.resolveDependency(DefaultListableBeanFactory.java:1658) ~[spring-beans-7.0.9.jar:7.0.9]
	at org.springframework.beans.factory.support.ConstructorResolver.resolveAutowiredArgument(ConstructorResolver.java:912) ~[spring-beans-7.0.9.jar:7.0.9]
	at org.springframework.beans.factory.support.ConstructorResolver.createArgumentArray(ConstructorResolver.java:791) ~[spring-beans-7.0.9.jar:7.0.9]
	... 21 common frames omitted
Caused by: org.springframework.data.repository.query.QueryCreationException: Cannot create query for method [PaymentMethodRepository.findByUserId(java.util.UUID)]; No property 'userId' found for type 'PaymentMethods'
	at org.springframework.data.repository.query.QueryCreationException.create(QueryCreationException.java:109) ~[spring-data-commons-4.1.1.jar:4.1.1]
	at org.springframework.data.jpa.repository.query.PartTreeJpaQuery.<init>(PartTreeJpaQuery.java:114) ~[spring-data-jpa-4.1.1.jar:4.1.1]
	at org.springframework.data.jpa.repository.query.JpaQueryLookupStrategy$CreateQueryLookupStrategy.resolveQuery(JpaQueryLookupStrategy.java:118) ~[spring-data-jpa-4.1.1.jar:4.1.1]
	at org.springframework.data.jpa.repository.query.JpaQueryLookupStrategy$CreateIfNotFoundQueryLookupStrategy.resolveQuery(JpaQueryLookupStrategy.java:291) ~[spring-data-jpa-4.1.1.jar:4.1.1]
	at org.springframework.data.jpa.repository.query.JpaQueryLookupStrategy$AbstractQueryLookupStrategy.resolveQuery(JpaQueryLookupStrategy.java:93) ~[spring-data-jpa-4.1.1.jar:4.1.1]
	at org.springframework.data.repository.core.support.QueryExecutorMethodInterceptor.lookupQuery(QueryExecutorMethodInterceptor.java:114) ~[spring-data-commons-4.1.1.jar:4.1.1]
	at org.springframework.data.repository.core.support.QueryExecutorMethodInterceptor.mapMethodsToQuery(QueryExecutorMethodInterceptor.java:102) ~[spring-data-commons-4.1.1.jar:4.1.1]
	at org.springframework.data.repository.core.support.QueryExecutorMethodInterceptor.<init>(QueryExecutorMethodInterceptor.java:90) ~[spring-data-commons-4.1.1.jar:4.1.1]
	at org.springframework.data.repository.core.support.RepositoryFactorySupport.getRepository(RepositoryFactorySupport.java:413) ~[spring-data-commons-4.1.1.jar:4.1.1]
	at org.springframework.data.repository.core.support.RepositoryFactoryBeanSupport.lambda$afterPropertiesSet$1(RepositoryFactoryBeanSupport.java:361) ~[spring-data-commons-4.1.1.jar:4.1.1]
	at org.springframework.data.util.Lazy.getNullable(Lazy.java:136) ~[spring-data-commons-4.1.1.jar:4.1.1]
	at org.springframework.data.util.Lazy.get(Lazy.java:114) ~[spring-data-commons-4.1.1.jar:4.1.1]
	at org.springframework.data.repository.core.support.RepositoryFactoryBeanSupport.afterPropertiesSet(RepositoryFactoryBeanSupport.java:370) ~[spring-data-commons-4.1.1.jar:4.1.1]
	at org.springframework.data.jpa.repository.support.JpaRepositoryFactoryBean.afterPropertiesSet(JpaRepositoryFactoryBean.java:212) ~[spring-data-jpa-4.1.1.jar:4.1.1]
	at org.springframework.beans.factory.support.AbstractAutowireCapableBeanFactory.invokeInitMethods(AbstractAutowireCapableBeanFactory.java:1862) ~[spring-beans-7.0.9.jar:7.0.9]
	at org.springframework.beans.factory.support.AbstractAutowireCapableBeanFactory.initializeBean(AbstractAutowireCapableBeanFactory.java:1811) ~[spring-beans-7.0.9.jar:7.0.9]
	... 32 common frames omitted
Caused by: org.springframework.data.core.PropertyReferenceException: No property 'userId' found for type 'PaymentMethods'
	at org.springframework.data.core.SimplePropertyPath.<init>(SimplePropertyPath.java:94) ~[spring-data-commons-4.1.1.jar:4.1.1]
	at org.springframework.data.core.SimplePropertyPath.create(SimplePropertyPath.java:322) ~[spring-data-commons-4.1.1.jar:4.1.1]
	at org.springframework.data.core.SimplePropertyPath.create(SimplePropertyPath.java:297) ~[spring-data-commons-4.1.1.jar:4.1.1]
	at org.springframework.data.core.SimplePropertyPath.lambda$from$0(SimplePropertyPath.java:250) ~[spring-data-commons-4.1.1.jar:4.1.1]
	at org.springframework.util.ConcurrentReferenceHashMap$6.execute(ConcurrentReferenceHashMap.java:387) ~[spring-core-7.0.9.jar:7.0.9]
	at org.springframework.util.ConcurrentReferenceHashMap$Segment.doTask(ConcurrentReferenceHashMap.java:688) ~[spring-core-7.0.9.jar:7.0.9]
	at org.springframework.util.ConcurrentReferenceHashMap.doTask(ConcurrentReferenceHashMap.java:572) ~[spring-core-7.0.9.jar:7.0.9]
	at org.springframework.util.ConcurrentReferenceHashMap.computeIfAbsent(ConcurrentReferenceHashMap.java:381) ~[spring-core-7.0.9.jar:7.0.9]
	at org.springframework.data.core.SimplePropertyPath.from(SimplePropertyPath.java:228) ~[spring-data-commons-4.1.1.jar:4.1.1]
	at org.springframework.data.core.PropertyPath.from(PropertyPath.java:264) ~[spring-data-commons-4.1.1.jar:4.1.1]
	at org.springframework.data.core.PropertyPath.from(PropertyPath.java:247) ~[spring-data-commons-4.1.1.jar:4.1.1]
	at org.springframework.data.repository.query.parser.Part.<init>(Part.java:81) ~[spring-data-commons-4.1.1.jar:4.1.1]
	at org.springframework.data.repository.query.parser.PartTree$OrPart.lambda$new$0(PartTree.java:260) ~[spring-data-commons-4.1.1.jar:4.1.1]
	at java.base/java.util.stream.ReferencePipeline$3$1.accept(ReferencePipeline.java:215) ~[na:na]
	at java.base/java.util.stream.ReferencePipeline$2$1.accept(ReferencePipeline.java:197) ~[na:na]
	at java.base/java.util.Spliterators$ArraySpliterator.forEachRemaining(Spliterators.java:1024) ~[na:na]
	at java.base/java.util.stream.AbstractPipeline.copyInto(AbstractPipeline.java:570) ~[na:na]
	at java.base/java.util.stream.AbstractPipeline.wrapAndCopyInto(AbstractPipeline.java:560) ~[na:na]
	at java.base/java.util.stream.ReduceOps$ReduceOp.evaluateSequential(ReduceOps.java:921) ~[na:na]
	at java.base/java.util.stream.AbstractPipeline.evaluate(AbstractPipeline.java:265) ~[na:na]
	at java.base/java.util.stream.ReferencePipeline.collect(ReferencePipeline.java:727) ~[na:na]
	at org.springframework.data.repository.query.parser.PartTree$OrPart.<init>(PartTree.java:261) ~[spring-data-commons-4.1.1.jar:4.1.1]
	at org.springframework.data.repository.query.parser.PartTree$Predicate.lambda$new$0(PartTree.java:390) ~[spring-data-commons-4.1.1.jar:4.1.1]
	at java.base/java.util.stream.ReferencePipeline$3$1.accept(ReferencePipeline.java:215) ~[na:na]
	at java.base/java.util.stream.ReferencePipeline$2$1.accept(ReferencePipeline.java:197) ~[na:na]
	at java.base/java.util.Spliterators$ArraySpliterator.forEachRemaining(Spliterators.java:1024) ~[na:na]
	at java.base/java.util.stream.AbstractPipeline.copyInto(AbstractPipeline.java:570) ~[na:na]
	at java.base/java.util.stream.AbstractPipeline.wrapAndCopyInto(AbstractPipeline.java:560) ~[na:na]
	at java.base/java.util.stream.ReduceOps$ReduceOp.evaluateSequential(ReduceOps.java:921) ~[na:na]
	at java.base/java.util.stream.AbstractPipeline.evaluate(AbstractPipeline.java:265) ~[na:na]
	at java.base/java.util.stream.ReferencePipeline.collect(ReferencePipeline.java:727) ~[na:na]
	at org.springframework.data.repository.query.parser.PartTree$Predicate.<init>(PartTree.java:391) ~[spring-data-commons-4.1.1.jar:4.1.1]
	at org.springframework.data.repository.query.parser.PartTree.<init>(PartTree.java:104) ~[spring-data-commons-4.1.1.jar:4.1.1]
	at org.springframework.data.jpa.repository.query.PartTreeJpaQuery.<init>(PartTreeJpaQuery.java:108) ~[spring-data-jpa-4.1.1.jar:4.1.1]
	... 46 common frames omitted

[INFO] ------------------------------------------------------------------------
[INFO] BUILD FAILURE
[INFO] ------------------------------------------------------------------------
[INFO] Total time:  7.828 s
[INFO] Finished at: 2026-09-30T17:37:27+05:30
[INFO] ------------------------------------------------------------------------
[ERROR] Failed to execute goal org.springframework.boot:spring-boot-maven-plugin:4.1.1:run (default-cli) on project demo: Process terminated with exit code: 1 -> [Help 1]
[ERROR] 
[ERROR] To see the full stack trace of the errors, re-run Maven with the -e switch.
[ERROR] Re-run Maven using the -X switch to enable full debug logging.
[ERROR] 
[ERROR] For more information about the errors and possible solutions, please read the following articles:
[ERROR] [Help 1] http://cwiki.apache.org/confluence/display/MAVEN/MojoExecutionException
